// Vitest Snapshot v1, https://vitest.dev/guide/snapshot.html

exports[`<PreferencesEditor /> > renders consistently 1`] = `
<DocumentFragment>
  <ion-header>
    <!---->
    <ion-toolbar>
      <ion-buttons
        slot="end"
      >
        <ion-button
          strong="true"
        >
          Dismiss
        </ion-button>
      </ion-buttons>
    </ion-toolbar>
  </ion-header>
  <ion-content
    class="ion-padding"
  >
    <ion-list>
      <ion-list-header>
        Session Locking
      </ion-list-header>
      <ion-item>
        <ion-toggle>
          Use Biometrics
        </ion-toggle>
      </ion-item>
      <ion-item>
        <ion-toggle>
          Use System Passcode
        </ion-toggle>
      </ion-item>
      <ion-item>
        <ion-toggle>
          Use Custom Passcode
        </ion-toggle>
      </ion-item>
      <ion-list-header>
        Privacy
      </ion-list-header>
      <ion-item>
        <ion-toggle>
          Hide contents in background
        </ion-toggle>
      </ion-item>
      <ion-list-header>
        Other Actions
      </ion-list-header>
      <ion-item
        button="true"
      >
        <ion-label>
          Logout
        </ion-label>
      </ion-item>
    </ion-list>
  </ion-content>
</DocumentFragment>
`;
